Signaux/promo2012/cinq_alban_2012.wav
Signaux/promo2012/cinq_brice_2012.wav
Signaux/promo2012/cinq_dominique_2012.wav
Signaux/promo2012/cinq_eric_2012.wav
Signaux/promo2012/cinq_etienne_2012.wav
Signaux/promo2012/cinq_gabrielides_2012.wav
Signaux/promo2012/cinq_hyliass_2012.wav
Signaux/promo2012/cinq_jean_2012.wav
Signaux/promo2012/cinq_nabil_2012.wav
Signaux/promo2012/cinq_thomas_2012.wav
Signaux/promo2012/cinquante_alban_2012.wav
Signaux/promo2012/cinquante_brice_2012.wav
Signaux/promo2012/cinquante_dominique_2012.wav
Signaux/promo2012/cinquante_eric_2012.wav
Signaux/promo2012/cinquante_etienne_2012.wav
Signaux/promo2012/cinquante_gabrielides_2012.wav
Signaux/promo2012/cinquante_hyliass_2012.wav
Signaux/promo2012/cinquante_jean_2012.wav
Signaux/promo2012/cinquante_nabil_2012.wav
Signaux/promo2012/cinquante_thomas_2012.wav
Signaux/promo2012/deux_alban_2012.wav
Signaux/promo2012/deux_brice_2012.wav
Signaux/promo2012/deux_dominique_2012.wav
Signaux/promo2012/deux_eric_2012.wav
Signaux/promo2012/deux_etienne_2012.wav
Signaux/promo2012/deux_gabrielides_2012.wav
Signaux/promo2012/deux_hyliass_2012.wav
Signaux/promo2012/deux_jean_2012.wav
Signaux/promo2012/deux_nabil_2012.wav
Signaux/promo2012/deux_thomas_2012.wav
Signaux/promo2012/diviser_alban_2012.wav
Signaux/promo2012/diviser_brice_2012.wav
Signaux/promo2012/diviser_dominique_2012.wav
Signaux/promo2012/diviser_eric_2012.wav
Signaux/promo2012/diviser_etienne_2012.wav
Signaux/promo2012/diviser_gabrielides_2012.wav
Signaux/promo2012/diviser_hyliass_2012.wav
Signaux/promo2012/diviser_jean_2012.wav
Signaux/promo2012/diviser_nabil_2012.wav
Signaux/promo2012/diviser_thomas_2012.wav
Signaux/promo2012/dix_alban_2012.wav
Signaux/promo2012/dix_brice_2012.wav
Signaux/promo2012/dix_dominique_2012.wav
Signaux/promo2012/dix_eric_2012.wav
Signaux/promo2012/dix_etienne_2012.wav
Signaux/promo2012/dix_gabrielides_2012.wav
Signaux/promo2012/dix_hyliass_2012.wav
Signaux/promo2012/dix_jean_2012.wav
Signaux/promo2012/dix_nabil_2012.wav
Signaux/promo2012/dix_thomas_2012.wav
Signaux/promo2012/douze_alban_2012.wav
Signaux/promo2012/douze_brice_2012.wav
Signaux/promo2012/douze_dominique_2012.wav
Signaux/promo2012/douze_eric_2012.wav
Signaux/promo2012/douze_etienne_2012.wav
Signaux/promo2012/douze_gabrielides_2012.wav
Signaux/promo2012/douze_hyliass_2012.wav
Signaux/promo2012/douze_jean_2012.wav
Signaux/promo2012/douze_nabil_2012.wav
Signaux/promo2012/douze_thomas_2012.wav
Signaux/promo2012/egal_alban_2012.wav
Signaux/promo2012/egal_brice_2012.wav
Signaux/promo2012/egal_dominique_2012.wav
Signaux/promo2012/egal_eric_2012.wav
Signaux/promo2012/egal_etienne_2012.wav
Signaux/promo2012/egal_gabrielides_2012.wav
Signaux/promo2012/egal_hyliass_2012.wav
Signaux/promo2012/egal_jean_2012.wav
Signaux/promo2012/egal_nabil_2012.wav
Signaux/promo2012/egal_thomas_2012.wav
Signaux/promo2012/et_alban_2012.wav
Signaux/promo2012/et_brice_2012.wav
Signaux/promo2012/et_dominique_2012.wav
Signaux/promo2012/et_eric_2012.wav
Signaux/promo2012/et_etienne_2012.wav
Signaux/promo2012/et_gabrielides_2012.wav
Signaux/promo2012/et_hyliass_2012.wav
Signaux/promo2012/et_jean_2012.wav
Signaux/promo2012/et_nabil_2012.wav
Signaux/promo2012/et_thomas_2012.wav
Signaux/promo2012/fois_alban_2012.wav
Signaux/promo2012/fois_brice_2012.wav
Signaux/promo2012/fois_dominique_2012.wav
Signaux/promo2012/fois_eric_2012.wav
Signaux/promo2012/fois_etienne_2012.wav
Signaux/promo2012/fois_gabrielides_2012.wav
Signaux/promo2012/fois_hyliass_2012.wav
Signaux/promo2012/fois_jean_2012.wav
Signaux/promo2012/fois_nabil_2012.wav
Signaux/promo2012/fois_thomas_2012.wav
Signaux/promo2012/huit_alban_2012.wav
Signaux/promo2012/huit_brice_2012.wav
Signaux/promo2012/huit_dominique_2012.wav
Signaux/promo2012/huit_eric_2012.wav
Signaux/promo2012/huit_etienne_2012.wav
Signaux/promo2012/huit_gabrielides_2012.wav
Signaux/promo2012/huit_hyliass_2012.wav
Signaux/promo2012/huit_jean_2012.wav
Signaux/promo2012/huit_nabil_2012.wav
Signaux/promo2012/huit_thomas_2012.wav
Signaux/promo2012/moins_alban_2012.wav
Signaux/promo2012/moins_brice_2012.wav
Signaux/promo2012/moins_dominique_2012.wav
Signaux/promo2012/moins_eric_2012.wav
Signaux/promo2012/moins_etienne_2012.wav
Signaux/promo2012/moins_gabrielides_2012.wav
Signaux/promo2012/moins_hyliass_2012.wav
Signaux/promo2012/moins_jean_2012.wav
Signaux/promo2012/moins_nabil_2012.wav
Signaux/promo2012/moins_thomas_2012.wav
Signaux/promo2012/multiplier_alban_2012.wav
Signaux/promo2012/multiplier_brice_2012.wav
Signaux/promo2012/multiplier_dominique_2012.wav
Signaux/promo2012/multiplier_eric_2012.wav
Signaux/promo2012/multiplier_etienne_2012.wav
Signaux/promo2012/multiplier_gabrielides_2012.wav
Signaux/promo2012/multiplier_hyliass_2012.wav
Signaux/promo2012/multiplier_jean_2012.wav
Signaux/promo2012/multiplier_nabil_2012.wav
Signaux/promo2012/multiplier_thomas_2012.wav
Signaux/promo2012/neuf_alban_2012.wav
Signaux/promo2012/neuf_brice_2012.wav
Signaux/promo2012/neuf_dominique_2012.wav
Signaux/promo2012/neuf_eric_2012.wav
Signaux/promo2012/neuf_etienne_2012.wav
Signaux/promo2012/neuf_gabrielides_2012.wav
Signaux/promo2012/neuf_hyliass_2012.wav
Signaux/promo2012/neuf_jean_2012.wav
Signaux/promo2012/neuf_nabil_2012.wav
Signaux/promo2012/neuf_thomas_2012.wav
Signaux/promo2012/onze_alban_2012.wav
Signaux/promo2012/onze_brice_2012.wav
Signaux/promo2012/onze_dominique_2012.wav
Signaux/promo2012/onze_eric_2012.wav
Signaux/promo2012/onze_etienne_2012.wav
Signaux/promo2012/onze_gabrielides_2012.wav
Signaux/promo2012/onze_hyliass_2012.wav
Signaux/promo2012/onze_jean_2012.wav
Signaux/promo2012/onze_nabil_2012.wav
Signaux/promo2012/onze_thomas_2012.wav
Signaux/promo2012/par_alban_2012.wav
Signaux/promo2012/par_brice_2012.wav
Signaux/promo2012/par_dominique_2012.wav
Signaux/promo2012/par_eric_2012.wav
Signaux/promo2012/par_etienne_2012.wav
Signaux/promo2012/par_gabrielides_2012.wav
Signaux/promo2012/par_hyliass_2012.wav
Signaux/promo2012/par_jean_2012.wav
Signaux/promo2012/par_nabil_2012.wav
Signaux/promo2012/par_thomas_2012.wav
Signaux/promo2012/pause.wav
Signaux/promo2012/plus_alban_2012.wav
Signaux/promo2012/plus_brice_2012.wav
Signaux/promo2012/plus_dominique_2012.wav
Signaux/promo2012/plus_eric_2012.wav
Signaux/promo2012/plus_etienne_2012.wav
Signaux/promo2012/plus_gabrielides_2012.wav
Signaux/promo2012/plus_hyliass_2012.wav
Signaux/promo2012/plus_jean_2012.wav
Signaux/promo2012/plus_nabil_2012.wav
Signaux/promo2012/plus_thomas_2012.wav
Signaux/promo2012/quarante_alban_2012.wav
Signaux/promo2012/quarante_brice_2012.wav
Signaux/promo2012/quarante_dominique_2012.wav
Signaux/promo2012/quarante_eric_2012.wav
Signaux/promo2012/quarante_etienne_2012.wav
Signaux/promo2012/quarante_gabrielides_2012.wav
Signaux/promo2012/quarante_hyliass_2012.wav
Signaux/promo2012/quarante_jean_2012.wav
Signaux/promo2012/quarante_nabil_2012.wav
Signaux/promo2012/quarante_thomas_2012.wav
Signaux/promo2012/quatorze_alban_2012.wav
Signaux/promo2012/quatorze_brice_2012.wav
Signaux/promo2012/quatorze_dominique_2012.wav
Signaux/promo2012/quatorze_eric_2012.wav
Signaux/promo2012/quatorze_etienne_2012.wav
Signaux/promo2012/quatorze_gabrielides_2012.wav
Signaux/promo2012/quatorze_hyliass_2012.wav
Signaux/promo2012/quatorze_jean_2012.wav
Signaux/promo2012/quatorze_nabil_2012.wav
Signaux/promo2012/quatorze_thomas_2012.wav
Signaux/promo2012/quatre_alban_2012.wav
Signaux/promo2012/quatre_brice_2012.wav
Signaux/promo2012/quatre_dominique_2012.wav
Signaux/promo2012/quatre_eric_2012.wav
Signaux/promo2012/quatre_etienne_2012.wav
Signaux/promo2012/quatre_gabrielides_2012.wav
Signaux/promo2012/quatre_hyliass_2012.wav
Signaux/promo2012/quatre_jean_2012.wav
Signaux/promo2012/quatre_nabil_2012.wav
Signaux/promo2012/quatre_thomas_2012.wav
Signaux/promo2012/quinze_alban_2012.wav
Signaux/promo2012/quinze_brice_2012.wav
Signaux/promo2012/quinze_dominique_2012.wav
Signaux/promo2012/quinze_eric_2012.wav
Signaux/promo2012/quinze_etienne_2012.wav
Signaux/promo2012/quinze_gabrielides_2012.wav
Signaux/promo2012/quinze_hyliass_2012.wav
Signaux/promo2012/quinze_jean_2012.wav
Signaux/promo2012/quinze_nabil_2012.wav
Signaux/promo2012/quinze_thomas_2012.wav
Signaux/promo2012/seize_alban_2012.wav
Signaux/promo2012/seize_brice_2012.wav
Signaux/promo2012/seize_dominique_2012.wav
Signaux/promo2012/seize_eric_2012.wav
Signaux/promo2012/seize_etienne_2012.wav
Signaux/promo2012/seize_gabrielides_2012.wav
Signaux/promo2012/seize_hyliass_2012.wav
Signaux/promo2012/seize_jean_2012.wav
Signaux/promo2012/seize_nabil_2012.wav
Signaux/promo2012/seize_thomas_2012.wav
Signaux/promo2012/sept_alban_2012.wav
Signaux/promo2012/sept_brice_2012.wav
Signaux/promo2012/sept_dominique_2012.wav
Signaux/promo2012/sept_eric_2012.wav
Signaux/promo2012/sept_etienne_2012.wav
Signaux/promo2012/sept_gabrielides_2012.wav
Signaux/promo2012/sept_hyliass_2012.wav
Signaux/promo2012/sept_jean_2012.wav
Signaux/promo2012/sept_nabil_2012.wav
Signaux/promo2012/sept_thomas_2012.wav
Signaux/promo2012/six_alban_2012.wav
Signaux/promo2012/six_brice_2012.wav
Signaux/promo2012/six_dominique_2012.wav
Signaux/promo2012/six_eric_2012.wav
Signaux/promo2012/six_etienne_2012.wav
Signaux/promo2012/six_gabrielides_2012.wav
Signaux/promo2012/six_hyliass_2012.wav
Signaux/promo2012/six_jean_2012.wav
Signaux/promo2012/six_nabil_2012.wav
Signaux/promo2012/six_thomas_2012.wav
Signaux/promo2012/soixante_alban_2012.wav
Signaux/promo2012/soixante_brice_2012.wav
Signaux/promo2012/soixante_dominique_2012.wav
Signaux/promo2012/soixante_eric_2012.wav
Signaux/promo2012/soixante_etienne_2012.wav
Signaux/promo2012/soixante_gabrielides_2012.wav
Signaux/promo2012/soixante_hyliass_2012.wav
Signaux/promo2012/soixante_jean_2012.wav
Signaux/promo2012/soixante_nabil_2012.wav
Signaux/promo2012/soixante_thomas_2012.wav
Signaux/promo2012/sur_alban_2012.wav
Signaux/promo2012/sur_brice_2012.wav
Signaux/promo2012/sur_dominique_2012.wav
Signaux/promo2012/sur_eric_2012.wav
Signaux/promo2012/sur_etienne_2012.wav
Signaux/promo2012/sur_gabrielides_2012.wav
Signaux/promo2012/sur_hyliass_2012.wav
Signaux/promo2012/sur_jean_2012.wav
Signaux/promo2012/sur_nabil_2012.wav
Signaux/promo2012/sur_thomas_2012.wav
Signaux/promo2012/treize_alban_2012.wav
Signaux/promo2012/treize_brice_2012.wav
Signaux/promo2012/treize_dominique_2012.wav
Signaux/promo2012/treize_eric_2012.wav
Signaux/promo2012/treize_etienne_2012.wav
Signaux/promo2012/treize_gabrielides_2012.wav
Signaux/promo2012/treize_hyliass_2012.wav
Signaux/promo2012/treize_jean_2012.wav
Signaux/promo2012/treize_nabil_2012.wav
Signaux/promo2012/treize_thomas_2012.wav
Signaux/promo2012/trente_alban_2012.wav
Signaux/promo2012/trente_brice_2012.wav
Signaux/promo2012/trente_dominique_2012.wav
Signaux/promo2012/trente_eric_2012.wav
Signaux/promo2012/trente_etienne_2012.wav
Signaux/promo2012/trente_gabrielides_2012.wav
Signaux/promo2012/trente_hyliass_2012.wav
Signaux/promo2012/trente_jean_2012.wav
Signaux/promo2012/trente_nabil_2012.wav
Signaux/promo2012/trente_thomas_2012.wav
Signaux/promo2012/trois_alban_2012.wav
Signaux/promo2012/trois_brice_2012.wav
Signaux/promo2012/trois_dominique_2012.wav
Signaux/promo2012/trois_eric_2012.wav
Signaux/promo2012/trois_etienne_2012.wav
Signaux/promo2012/trois_gabrielides_2012.wav
Signaux/promo2012/trois_hyliass_2012.wav
Signaux/promo2012/trois_jean_2012.wav
Signaux/promo2012/trois_nabil_2012.wav
Signaux/promo2012/trois_thomas_2012.wav
Signaux/promo2012/un_alban_2012.wav
Signaux/promo2012/un_brice_2012.wav
Signaux/promo2012/un_dominique_2012.wav
Signaux/promo2012/un_eric_2012.wav
Signaux/promo2012/un_etienne_2012.wav
Signaux/promo2012/un_gabrielides_2012.wav
Signaux/promo2012/un_hyliass_2012.wav
Signaux/promo2012/un_jean_2012.wav
Signaux/promo2012/un_nabil_2012.wav
Signaux/promo2012/un_thomas_2012.wav
Signaux/promo2012/vingt_alban_2012.wav
Signaux/promo2012/vingt_brice_2012.wav
Signaux/promo2012/vingt_dominique_2012.wav
Signaux/promo2012/vingt_eric_2012.wav
Signaux/promo2012/vingt_etienne_2012.wav
Signaux/promo2012/vingt_gabrielides_2012.wav
Signaux/promo2012/vingt_hyliass_2012.wav
Signaux/promo2012/vingt_jean_2012.wav
Signaux/promo2012/vingt_nabil_2012.wav
Signaux/promo2012/vingt_thomas_2012.wav
Signaux/promo2012/zero_alban_2012.wav
Signaux/promo2012/zero_brice_2012.wav
Signaux/promo2012/zero_dominique_2012.wav
Signaux/promo2012/zero_eric_2012.wav
Signaux/promo2012/zero_etienne_2012.wav
Signaux/promo2012/zero_gabrielides_2012.wav
Signaux/promo2012/zero_hyliass_2012.wav
Signaux/promo2012/zero_jean_2012.wav
Signaux/promo2012/zero_nabil_2012.wav
Signaux/promo2012/zero_thomas_2012.wav
